<?xml version="1.0" encoding="UTF-8"?>
<testsuites name="Mocha Tests" time="0.003" tests="1" failures="0">
  <testsuite name="Root Suite" timestamp="2025-10-29T16:25:29" tests="0" time="0.000" failures="0">
  </testsuite>
  <testsuite name="Sample Test" timestamp="2025-10-29T16:25:29" tests="1" file="C:\Users\user\OneDrive\Desktop\7th Semester\DevOps\vite-app\my-react-app\test\dummy.test.cjs" time="0.002" failures="0">
    <testcase name="Sample Test should pass" time="0.001" classname="should pass">
    </testcase>
  </testsuite>
</testsuites>